[DB] MySQL Pool initialized for pop_db on localhost
Testing paySalary logic...
node : Test failed: Error: 
Employer not found
At line:1 char:1
+ node test_pay.js > 
test_output.txt 2>&1
+ ~~~~~~~~~~~~~~~~~~~~~~~~~~~~~~
~~~~~~~~~
    + CategoryInfo          : N 
   otSpecified: (Test failed:   
  Error: Employer not found:S   
 tring) [], RemoteException
    + FullyQualifiedErrorId : N 
   ativeCommandError
 
    at testPaySalary (C:\Kiaan\P
ayroll1\backend\test_pay.js:22:4
1)
    at process.processTicksAndRe
jections (node:internal/process/
task_queues:103:5)
